// Bun Snapshot v1, https://bun.sh/docs/test/snapshots

exports[`OrchestratorPane stable frame snapshot 1`] = `
"╭──────────────────────────────────────────────────────────────────────────────╮
│ ORCHESTRATOR                                                        1 active │
│ AGENT        STATE         HARNESS       TOOL          TOKENS  ELAPSED       │
│ hx_a1         working      8gent-local   bash          900     950ms         │
│ hx_e9         error        8gent-local   -             -       -             │
╰──────────────────────────────────────────────────────────────────────────────╯"
`;
