// Bun Snapshot v1, https://bun.sh/docs/test/snapshots

exports[`MessageList with a tool trail at 80 columns 80-column render snapshot 1`] = `
"│ HH:MM You
│ Write deck/outline.md, then run \`ls deck\`

│ ◆ 8gent HH:MM
│ ✓ write_file deck/outline.md
│ ⊘ run_command ls deck && wc -l deck/deck.md (blocked)
│ ✗ run_command bun test (exit 1)
│ ✓ read_file packages/decide/README.md
│ The outline is written.
│
│ [harness] Not verified: 'ls deck' was requested but
│ never ran
"
`;
